  Server.cpp
  Please define _WIN32_WINNT or _WIN32_WINDOWS appropriately. For example:
  - add -D_WIN32_WINNT=0x0601 to the compiler command line; or
  - add _WIN32_WINNT=0x0601 to your project's Preprocessor Definitions.
  Assuming _WIN32_WINNT=0x0601 (i.e. Windows 7 target).
  TcpServer.cpp
  Please define _WIN32_WINNT or _WIN32_WINDOWS appropriately. For example:
  - add -D_WIN32_WINNT=0x0601 to the compiler command line; or
  - add _WIN32_WINNT=0x0601 to your project's Preprocessor Definitions.
  Assuming _WIN32_WINNT=0x0601 (i.e. Windows 7 target).
C:\Users\user\Github\Multiplay-ActionRPG-Unity\Server\Common\ChatPacket.h(26,17): warning C4251: 'ChatPacket::senderNickname': 'std::basic_string<char,std::char_traits<char>,std::allocator<char>>'에서는 'ChatPacket'의 클라이언트에서 DLL 인터페이스를 사용하도록 지정해야 함
  (소스 파일 'TcpServer.cpp'을(를) 컴파일하는 중)
      C:\Program Files\Microsoft Visual Studio\2022\Community\VC\Tools\MSVC\14.42.34433\include\xstring(527,7):
      'std::basic_string<char,std::char_traits<char>,std::allocator<char>>' 선언을 참조하십시오.
  
C:\Users\user\Github\Multiplay-ActionRPG-Unity\Server\Common\ChatPacket.h(27,17): warning C4251: 'ChatPacket::receiverNickname': 'std::basic_string<char,std::char_traits<char>,std::allocator<char>>'에서는 'ChatPacket'의 클라이언트에서 DLL 인터페이스를 사용하도록 지정해야 함
  (소스 파일 'TcpServer.cpp'을(를) 컴파일하는 중)
      C:\Program Files\Microsoft Visual Studio\2022\Community\VC\Tools\MSVC\14.42.34433\include\xstring(527,7):
      'std::basic_string<char,std::char_traits<char>,std::allocator<char>>' 선언을 참조하십시오.
  
C:\Users\user\Github\Multiplay-ActionRPG-Unity\Server\Common\ChatPacket.h(29,17): warning C4251: 'ChatPacket::message': 'std::basic_string<char,std::char_traits<char>,std::allocator<char>>'에서는 'ChatPacket'의 클라이언트에서 DLL 인터페이스를 사용하도록 지정해야 함
  (소스 파일 'TcpServer.cpp'을(를) 컴파일하는 중)
      C:\Program Files\Microsoft Visual Studio\2022\Community\VC\Tools\MSVC\14.42.34433\include\xstring(527,7):
      'std::basic_string<char,std::char_traits<char>,std::allocator<char>>' 선언을 참조하십시오.
  
C:\Users\user\Github\Multiplay-ActionRPG-Unity\Server\Server\TcpServer.cpp(19,20): warning C4267: '초기화 중': 'size_t'에서 'int'(으)로 변환하면서 데이터가 손실될 수 있습니다.
  TcpSession.cpp
  Please define _WIN32_WINNT or _WIN32_WINDOWS appropriately. For example:
  - add -D_WIN32_WINNT=0x0601 to the compiler command line; or
  - add _WIN32_WINNT=0x0601 to your project's Preprocessor Definitions.
  Assuming _WIN32_WINNT=0x0601 (i.e. Windows 7 target).
C:\Users\user\Github\Multiplay-ActionRPG-Unity\Server\Common\ChatPacket.h(26,17): warning C4251: 'ChatPacket::senderNickname': 'std::basic_string<char,std::char_traits<char>,std::allocator<char>>'에서는 'ChatPacket'의 클라이언트에서 DLL 인터페이스를 사용하도록 지정해야 함
  (소스 파일 'TcpSession.cpp'을(를) 컴파일하는 중)
      C:\Program Files\Microsoft Visual Studio\2022\Community\VC\Tools\MSVC\14.42.34433\include\xstring(527,7):
      'std::basic_string<char,std::char_traits<char>,std::allocator<char>>' 선언을 참조하십시오.
  
C:\Users\user\Github\Multiplay-ActionRPG-Unity\Server\Common\ChatPacket.h(27,17): warning C4251: 'ChatPacket::receiverNickname': 'std::basic_string<char,std::char_traits<char>,std::allocator<char>>'에서는 'ChatPacket'의 클라이언트에서 DLL 인터페이스를 사용하도록 지정해야 함
  (소스 파일 'TcpSession.cpp'을(를) 컴파일하는 중)
      C:\Program Files\Microsoft Visual Studio\2022\Community\VC\Tools\MSVC\14.42.34433\include\xstring(527,7):
      'std::basic_string<char,std::char_traits<char>,std::allocator<char>>' 선언을 참조하십시오.
  
C:\Users\user\Github\Multiplay-ActionRPG-Unity\Server\Common\ChatPacket.h(29,17): warning C4251: 'ChatPacket::message': 'std::basic_string<char,std::char_traits<char>,std::allocator<char>>'에서는 'ChatPacket'의 클라이언트에서 DLL 인터페이스를 사용하도록 지정해야 함
  (소스 파일 'TcpSession.cpp'을(를) 컴파일하는 중)
      C:\Program Files\Microsoft Visual Studio\2022\Community\VC\Tools\MSVC\14.42.34433\include\xstring(527,7):
      'std::basic_string<char,std::char_traits<char>,std::allocator<char>>' 선언을 참조하십시오.
  
  코드를 생성하고 있습니다...
     C:\Users\user\Github\Multiplay-ActionRPG-Unity\Server\x64\Debug\Server.lib 라이브러리 및 C:\Users\user\Github\Multiplay-ActionRPG-Unity\Server\x64\Debug\Server.exp 개체를 생성하고 있습니다.
  Server.vcxproj -> C:\Users\user\Github\Multiplay-ActionRPG-Unity\Server\x64\Debug\Server.exe
